Watching for file changes with StatReloader
[30/Jul/2026 14:57:22] "GET / HTTP/1.1" 200 2428
[30/Jul/2026 14:57:22,614] - Broken pipe from ('127.0.0.1', 50741)
[30/Jul/2026 14:58:20] "GET / HTTP/1.1" 200 2428
[30/Jul/2026 14:58:48] "POST / HTTP/1.1" 302 0
[30/Jul/2026 14:58:48] "GET /dashboard/ HTTP/1.1" 200 2279
[30/Jul/2026 14:58:52] "GET /usuarios/nuevo/ HTTP/1.1" 200 3933
[30/Jul/2026 15:00:38] "POST /usuarios/nuevo/ HTTP/1.1" 302 0
[30/Jul/2026 15:00:38] "GET /dashboard/ HTTP/1.1" 200 2435
[30/Jul/2026 15:00:42] "POST /logout/ HTTP/1.1" 302 0
[30/Jul/2026 15:00:42] "GET / HTTP/1.1" 200 2428
[30/Jul/2026 15:00:46] "POST / HTTP/1.1" 302 0
[30/Jul/2026 15:00:46] "GET /dashboard/ HTTP/1.1" 200 2509
[30/Jul/2026 15:00:48] "GET /pantalla/emergencia_igss/ HTTP/1.1" 200 1084
[30/Jul/2026 15:00:49] "GET /dashboard/ HTTP/1.1" 200 2509
[30/Jul/2026 15:00:50] "GET /pantalla/privado/ HTTP/1.1" 200 1068
[30/Jul/2026 15:00:51] "GET /dashboard/ HTTP/1.1" 200 2509
[30/Jul/2026 15:00:52] "GET /pantalla/coex/ HTTP/1.1" 200 1735
[30/Jul/2026 15:00:53] "GET /pantalla/coex_procesar_cita/ HTTP/1.1" 200 1080
[30/Jul/2026 15:00:55] "GET /dashboard/ HTTP/1.1" 200 2509
[30/Jul/2026 15:00:56] "GET /pantalla/coex/ HTTP/1.1" 200 1735
[30/Jul/2026 15:00:57] "GET /pantalla/coex_procesar_cita/ HTTP/1.1" 200 1080
[30/Jul/2026 15:00:59] "GET /dashboard/ HTTP/1.1" 200 2509
[30/Jul/2026 15:00:59] "GET /pantalla/coex/ HTTP/1.1" 200 1735
[30/Jul/2026 15:01:02] "GET /citas/calendario/coex/ HTTP/1.1" 200 19795
[30/Jul/2026 15:01:41] "GET /dashboard/ HTTP/1.1" 200 2509
[30/Jul/2026 15:03:05] "GET /dashboard/ HTTP/1.1" 200 2509
[30/Jul/2026 15:03:06] "POST /logout/ HTTP/1.1" 302 0
[30/Jul/2026 15:03:06] "GET / HTTP/1.1" 200 2428
[30/Jul/2026 15:03:10] "GET / HTTP/1.1" 200 2428
C:\Users\jcasb\OneDrive\Escritorio\proyecto seminario 2026\pacientes\models.py changed, reloading.
Watching for file changes with StatReloader
C:\Users\jcasb\OneDrive\Escritorio\proyecto seminario 2026\pacientes\models.py changed, reloading.
Watching for file changes with StatReloader
C:\Users\jcasb\OneDrive\Escritorio\proyecto seminario 2026\pacientes\forms.py changed, reloading.
Watching for file changes with StatReloader
C:\Users\jcasb\OneDrive\Escritorio\proyecto seminario 2026\pacientes\views.py changed, reloading.
Watching for file changes with StatReloader
C:\Users\jcasb\OneDrive\Escritorio\proyecto seminario 2026\pacientes\views.py changed, reloading.
Watching for file changes with StatReloader
Exception in thread django-main-thread:
Traceback (most recent call last):
  File "C:\Program Files\Python310\lib\threading.py", line 1016, in _bootstrap_inner
    self.run()
  File "C:\Program Files\Python310\lib\threading.py", line 953, in run
    self._target(*self._args, **self._kwargs)
  File "C:\Users\jcasb\AppData\Roaming\Python\Python310\site-packages\django\utils\autoreload.py", line 64, in wrapper
    fn(*args, **kwargs)
  File "C:\Users\jcasb\AppData\Roaming\Python\Python310\site-packages\django\core\management\commands\runserver.py", line 134, in inner_run
    self.check(**check_kwargs)
  File "C:\Users\jcasb\AppData\Roaming\Python\Python310\site-packages\django\core\management\base.py", line 496, in check
    all_issues = checks.run_checks(
  File "C:\Users\jcasb\AppData\Roaming\Python\Python310\site-packages\django\core\checks\registry.py", line 89, in run_checks
    new_errors = check(app_configs=app_configs, databases=databases)
  File "C:\Users\jcasb\AppData\Roaming\Python\Python310\site-packages\django\core\checks\urls.py", line 136, in check_custom_error_handlers
    handler = resolver.resolve_error_handler(status_code)
  File "C:\Users\jcasb\AppData\Roaming\Python\Python310\site-packages\django\urls\resolvers.py", line 732, in resolve_error_handler
    callback = getattr(self.urlconf_module, "handler%s" % view_type, None)
  File "C:\Users\jcasb\AppData\Roaming\Python\Python310\site-packages\django\utils\functional.py", line 47, in __get__
    res = instance.__dict__[self.name] = self.func(instance)
  File "C:\Users\jcasb\AppData\Roaming\Python\Python310\site-packages\django\urls\resolvers.py", line 711, in urlconf_module
    return import_module(self.urlconf_name)
  File "C:\Program Files\Python310\lib\importlib\__init__.py", line 126, in import_module
    return _bootstrap._gcd_import(name[level:], package, level)
  File "<frozen importlib._bootstrap>", line 1050, in _gcd_import
  File "<frozen importlib._bootstrap>", line 1027, in _find_and_load
  File "<frozen importlib._bootstrap>", line 1006, in _find_and_load_unlocked
  File "<frozen importlib._bootstrap>", line 688, in _load_unlocked
  File "<frozen importlib._bootstrap_external>", line 883, in exec_module
  File "<frozen importlib._bootstrap>", line 241, in _call_with_frames_removed
  File "C:\Users\jcasb\OneDrive\Escritorio\proyecto seminario 2026\clinica\urls.py", line 23, in <module>
    path('', include('pacientes.urls')),
  File "C:\Users\jcasb\AppData\Roaming\Python\Python310\site-packages\django\urls\conf.py", line 39, in include
    urlconf_module = import_module(urlconf_module)
  File "C:\Program Files\Python310\lib\importlib\__init__.py", line 126, in import_module
    return _bootstrap._gcd_import(name[level:], package, level)
  File "<frozen importlib._bootstrap>", line 1050, in _gcd_import
  File "<frozen importlib._bootstrap>", line 1027, in _find_and_load
  File "<frozen importlib._bootstrap>", line 1006, in _find_and_load_unlocked
  File "<frozen importlib._bootstrap>", line 688, in _load_unlocked
  File "<frozen importlib._bootstrap_external>", line 883, in exec_module
  File "<frozen importlib._bootstrap>", line 241, in _call_with_frames_removed
  File "C:\Users\jcasb\OneDrive\Escritorio\proyecto seminario 2026\pacientes\urls.py", line 3, in <module>
    from . import views
  File "C:\Users\jcasb\OneDrive\Escritorio\proyecto seminario 2026\pacientes\views.py", line 122, in <module>
    n# Registro de paciente independiente
NameError: name 'n' is not defined
C:\Users\jcasb\OneDrive\Escritorio\proyecto seminario 2026\clinica\settings.py changed, reloading.
Watching for file changes with StatReloader
Exception in thread django-main-thread:
Traceback (most recent call last):
  File "C:\Program Files\Python310\lib\threading.py", line 1016, in _bootstrap_inner
    self.run()
  File "C:\Program Files\Python310\lib\threading.py", line 953, in run
    self._target(*self._args, **self._kwargs)
  File "C:\Users\jcasb\AppData\Roaming\Python\Python310\site-packages\django\utils\autoreload.py", line 64, in wrapper
    fn(*args, **kwargs)
  File "C:\Users\jcasb\AppData\Roaming\Python\Python310\site-packages\django\core\management\commands\runserver.py", line 134, in inner_run
    self.check(**check_kwargs)
  File "C:\Users\jcasb\AppData\Roaming\Python\Python310\site-packages\django\core\management\base.py", line 496, in check
    all_issues = checks.run_checks(
  File "C:\Users\jcasb\AppData\Roaming\Python\Python310\site-packages\django\core\checks\registry.py", line 89, in run_checks
    new_errors = check(app_configs=app_configs, databases=databases)
  File "C:\Users\jcasb\AppData\Roaming\Python\Python310\site-packages\django\core\checks\urls.py", line 136, in check_custom_error_handlers
    handler = resolver.resolve_error_handler(status_code)
  File "C:\Users\jcasb\AppData\Roaming\Python\Python310\site-packages\django\urls\resolvers.py", line 732, in resolve_error_handler
    callback = getattr(self.urlconf_module, "handler%s" % view_type, None)
  File "C:\Users\jcasb\AppData\Roaming\Python\Python310\site-packages\django\utils\functional.py", line 47, in __get__
    res = instance.__dict__[self.name] = self.func(instance)
  File "C:\Users\jcasb\AppData\Roaming\Python\Python310\site-packages\django\urls\resolvers.py", line 711, in urlconf_module
    return import_module(self.urlconf_name)
  File "C:\Program Files\Python310\lib\importlib\__init__.py", line 126, in import_module
    return _bootstrap._gcd_import(name[level:], package, level)
  File "<frozen importlib._bootstrap>", line 1050, in _gcd_import
  File "<frozen importlib._bootstrap>", line 1027, in _find_and_load
  File "<frozen importlib._bootstrap>", line 1006, in _find_and_load_unlocked
  File "<frozen importlib._bootstrap>", line 688, in _load_unlocked
  File "<frozen importlib._bootstrap_external>", line 883, in exec_module
  File "<frozen importlib._bootstrap>", line 241, in _call_with_frames_removed
  File "C:\Users\jcasb\OneDrive\Escritorio\proyecto seminario 2026\clinica\urls.py", line 23, in <module>
    path('', include('pacientes.urls')),
  File "C:\Users\jcasb\AppData\Roaming\Python\Python310\site-packages\django\urls\conf.py", line 39, in include
    urlconf_module = import_module(urlconf_module)
  File "C:\Program Files\Python310\lib\importlib\__init__.py", line 126, in import_module
    return _bootstrap._gcd_import(name[level:], package, level)
  File "<frozen importlib._bootstrap>", line 1050, in _gcd_import
  File "<frozen importlib._bootstrap>", line 1027, in _find_and_load
  File "<frozen importlib._bootstrap>", line 1006, in _find_and_load_unlocked
  File "<frozen importlib._bootstrap>", line 688, in _load_unlocked
  File "<frozen importlib._bootstrap_external>", line 883, in exec_module
  File "<frozen importlib._bootstrap>", line 241, in _call_with_frames_removed
  File "C:\Users\jcasb\OneDrive\Escritorio\proyecto seminario 2026\pacientes\urls.py", line 3, in <module>
    from . import views
  File "C:\Users\jcasb\OneDrive\Escritorio\proyecto seminario 2026\pacientes\views.py", line 122, in <module>
    n# Registro de paciente independiente
NameError: name 'n' is not defined
C:\Users\jcasb\OneDrive\Escritorio\proyecto seminario 2026\pacientes\views.py changed, reloading.
Watching for file changes with StatReloader
Exception in thread django-main-thread:
Traceback (most recent call last):
  File "C:\Program Files\Python310\lib\threading.py", line 1016, in _bootstrap_inner
    self.run()
  File "C:\Program Files\Python310\lib\threading.py", line 953, in run
    self._target(*self._args, **self._kwargs)
  File "C:\Users\jcasb\AppData\Roaming\Python\Python310\site-packages\django\utils\autoreload.py", line 64, in wrapper
    fn(*args, **kwargs)
  File "C:\Users\jcasb\AppData\Roaming\Python\Python310\site-packages\django\core\management\commands\runserver.py", line 134, in inner_run
    self.check(**check_kwargs)
  File "C:\Users\jcasb\AppData\Roaming\Python\Python310\site-packages\django\core\management\base.py", line 496, in check
    all_issues = checks.run_checks(
  File "C:\Users\jcasb\AppData\Roaming\Python\Python310\site-packages\django\core\checks\registry.py", line 89, in run_checks
    new_errors = check(app_configs=app_configs, databases=databases)
  File "C:\Users\jcasb\AppData\Roaming\Python\Python310\site-packages\django\core\checks\urls.py", line 136, in check_custom_error_handlers
    handler = resolver.resolve_error_handler(status_code)
  File "C:\Users\jcasb\AppData\Roaming\Python\Python310\site-packages\django\urls\resolvers.py", line 732, in resolve_error_handler
    callback = getattr(self.urlconf_module, "handler%s" % view_type, None)
  File "C:\Users\jcasb\AppData\Roaming\Python\Python310\site-packages\django\utils\functional.py", line 47, in __get__
    res = instance.__dict__[self.name] = self.func(instance)
  File "C:\Users\jcasb\AppData\Roaming\Python\Python310\site-packages\django\urls\resolvers.py", line 711, in urlconf_module
    return import_module(self.urlconf_name)
  File "C:\Program Files\Python310\lib\importlib\__init__.py", line 126, in import_module
    return _bootstrap._gcd_import(name[level:], package, level)
  File "<frozen importlib._bootstrap>", line 1050, in _gcd_import
  File "<frozen importlib._bootstrap>", line 1027, in _find_and_load
  File "<frozen importlib._bootstrap>", line 1006, in _find_and_load_unlocked
  File "<frozen importlib._bootstrap>", line 688, in _load_unlocked
  File "<frozen importlib._bootstrap_external>", line 883, in exec_module
  File "<frozen importlib._bootstrap>", line 241, in _call_with_frames_removed
  File "C:\Users\jcasb\OneDrive\Escritorio\proyecto seminario 2026\clinica\urls.py", line 23, in <module>
    path('', include('pacientes.urls')),
  File "C:\Users\jcasb\AppData\Roaming\Python\Python310\site-packages\django\urls\conf.py", line 39, in include
    urlconf_module = import_module(urlconf_module)
  File "C:\Program Files\Python310\lib\importlib\__init__.py", line 126, in import_module
    return _bootstrap._gcd_import(name[level:], package, level)
  File "<frozen importlib._bootstrap>", line 1050, in _gcd_import
  File "<frozen importlib._bootstrap>", line 1027, in _find_and_load
  File "<frozen importlib._bootstrap>", line 1006, in _find_and_load_unlocked
  File "<frozen importlib._bootstrap>", line 688, in _load_unlocked
  File "<frozen importlib._bootstrap_external>", line 883, in exec_module
  File "<frozen importlib._bootstrap>", line 241, in _call_with_frames_removed
  File "C:\Users\jcasb\OneDrive\Escritorio\proyecto seminario 2026\pacientes\urls.py", line 3, in <module>
    from . import views
  File "C:\Users\jcasb\OneDrive\Escritorio\proyecto seminario 2026\pacientes\views.py", line 123, in <module>
    n# Registro de paciente independiente
NameError: name 'n' is not defined
C:\Users\jcasb\OneDrive\Escritorio\proyecto seminario 2026\pacientes\views.py changed, reloading.
Watching for file changes with StatReloader
Exception in thread django-main-thread:
Traceback (most recent call last):
  File "C:\Program Files\Python310\lib\threading.py", line 1016, in _bootstrap_inner
    self.run()
  File "C:\Program Files\Python310\lib\threading.py", line 953, in run
    self._target(*self._args, **self._kwargs)
  File "C:\Users\jcasb\AppData\Roaming\Python\Python310\site-packages\django\utils\autoreload.py", line 64, in wrapper
    fn(*args, **kwargs)
  File "C:\Users\jcasb\AppData\Roaming\Python\Python310\site-packages\django\core\management\commands\runserver.py", line 134, in inner_run
    self.check(**check_kwargs)
  File "C:\Users\jcasb\AppData\Roaming\Python\Python310\site-packages\django\core\management\base.py", line 496, in check
    all_issues = checks.run_checks(
  File "C:\Users\jcasb\AppData\Roaming\Python\Python310\site-packages\django\core\checks\registry.py", line 89, in run_checks
    new_errors = check(app_configs=app_configs, databases=databases)
  File "C:\Users\jcasb\AppData\Roaming\Python\Python310\site-packages\django\core\checks\urls.py", line 136, in check_custom_error_handlers
    handler = resolver.resolve_error_handler(status_code)
  File "C:\Users\jcasb\AppData\Roaming\Python\Python310\site-packages\django\urls\resolvers.py", line 732, in resolve_error_handler
    callback = getattr(self.urlconf_module, "handler%s" % view_type, None)
  File "C:\Users\jcasb\AppData\Roaming\Python\Python310\site-packages\django\utils\functional.py", line 47, in __get__
    res = instance.__dict__[self.name] = self.func(instance)
  File "C:\Users\jcasb\AppData\Roaming\Python\Python310\site-packages\django\urls\resolvers.py", line 711, in urlconf_module
    return import_module(self.urlconf_name)
  File "C:\Program Files\Python310\lib\importlib\__init__.py", line 126, in import_module
    return _bootstrap._gcd_import(name[level:], package, level)
  File "<frozen importlib._bootstrap>", line 1050, in _gcd_import
  File "<frozen importlib._bootstrap>", line 1027, in _find_and_load
  File "<frozen importlib._bootstrap>", line 1006, in _find_and_load_unlocked
  File "<frozen importlib._bootstrap>", line 688, in _load_unlocked
  File "<frozen importlib._bootstrap_external>", line 883, in exec_module
  File "<frozen importlib._bootstrap>", line 241, in _call_with_frames_removed
  File "C:\Users\jcasb\OneDrive\Escritorio\proyecto seminario 2026\clinica\urls.py", line 23, in <module>
    path('', include('pacientes.urls')),
  File "C:\Users\jcasb\AppData\Roaming\Python\Python310\site-packages\django\urls\conf.py", line 39, in include
    urlconf_module = import_module(urlconf_module)
  File "C:\Program Files\Python310\lib\importlib\__init__.py", line 126, in import_module
    return _bootstrap._gcd_import(name[level:], package, level)
  File "<frozen importlib._bootstrap>", line 1050, in _gcd_import
  File "<frozen importlib._bootstrap>", line 1027, in _find_and_load
  File "<frozen importlib._bootstrap>", line 1006, in _find_and_load_unlocked
  File "<frozen importlib._bootstrap>", line 688, in _load_unlocked
  File "<frozen importlib._bootstrap_external>", line 883, in exec_module
  File "<frozen importlib._bootstrap>", line 241, in _call_with_frames_removed
  File "C:\Users\jcasb\OneDrive\Escritorio\proyecto seminario 2026\pacientes\urls.py", line 3, in <module>
    from . import views
  File "C:\Users\jcasb\OneDrive\Escritorio\proyecto seminario 2026\pacientes\views.py", line 122, in <module>
    n# Registro de paciente independiente
NameError: name 'n' is not defined
C:\Users\jcasb\OneDrive\Escritorio\proyecto seminario 2026\pacientes\views.py changed, reloading.
Watching for file changes with StatReloader
Exception in thread django-main-thread:
Traceback (most recent call last):
  File "C:\Program Files\Python310\lib\threading.py", line 1016, in _bootstrap_inner
    self.run()
  File "C:\Program Files\Python310\lib\threading.py", line 953, in run
    self._target(*self._args, **self._kwargs)
  File "C:\Users\jcasb\AppData\Roaming\Python\Python310\site-packages\django\utils\autoreload.py", line 64, in wrapper
    fn(*args, **kwargs)
  File "C:\Users\jcasb\AppData\Roaming\Python\Python310\site-packages\django\core\management\commands\runserver.py", line 134, in inner_run
    self.check(**check_kwargs)
  File "C:\Users\jcasb\AppData\Roaming\Python\Python310\site-packages\django\core\management\base.py", line 496, in check
    all_issues = checks.run_checks(
  File "C:\Users\jcasb\AppData\Roaming\Python\Python310\site-packages\django\core\checks\registry.py", line 89, in run_checks
    new_errors = check(app_configs=app_configs, databases=databases)
  File "C:\Users\jcasb\AppData\Roaming\Python\Python310\site-packages\django\core\checks\urls.py", line 136, in check_custom_error_handlers
    handler = resolver.resolve_error_handler(status_code)
  File "C:\Users\jcasb\AppData\Roaming\Python\Python310\site-packages\django\urls\resolvers.py", line 732, in resolve_error_handler
    callback = getattr(self.urlconf_module, "handler%s" % view_type, None)
  File "C:\Users\jcasb\AppData\Roaming\Python\Python310\site-packages\django\utils\functional.py", line 47, in __get__
    res = instance.__dict__[self.name] = self.func(instance)
  File "C:\Users\jcasb\AppData\Roaming\Python\Python310\site-packages\django\urls\resolvers.py", line 711, in urlconf_module
    return import_module(self.urlconf_name)
  File "C:\Program Files\Python310\lib\importlib\__init__.py", line 126, in import_module
    return _bootstrap._gcd_import(name[level:], package, level)
  File "<frozen importlib._bootstrap>", line 1050, in _gcd_import
  File "<frozen importlib._bootstrap>", line 1027, in _find_and_load
  File "<frozen importlib._bootstrap>", line 1006, in _find_and_load_unlocked
  File "<frozen importlib._bootstrap>", line 688, in _load_unlocked
  File "<frozen importlib._bootstrap_external>", line 883, in exec_module
  File "<frozen importlib._bootstrap>", line 241, in _call_with_frames_removed
  File "C:\Users\jcasb\OneDrive\Escritorio\proyecto seminario 2026\clinica\urls.py", line 23, in <module>
    path('', include('pacientes.urls')),
  File "C:\Users\jcasb\AppData\Roaming\Python\Python310\site-packages\django\urls\conf.py", line 39, in include
    urlconf_module = import_module(urlconf_module)
  File "C:\Program Files\Python310\lib\importlib\__init__.py", line 126, in import_module
    return _bootstrap._gcd_import(name[level:], package, level)
  File "<frozen importlib._bootstrap>", line 1050, in _gcd_import
  File "<frozen importlib._bootstrap>", line 1027, in _find_and_load
  File "<frozen importlib._bootstrap>", line 1006, in _find_and_load_unlocked
  File "<frozen importlib._bootstrap>", line 688, in _load_unlocked
  File "<frozen importlib._bootstrap_external>", line 883, in exec_module
  File "<frozen importlib._bootstrap>", line 241, in _call_with_frames_removed
  File "C:\Users\jcasb\OneDrive\Escritorio\proyecto seminario 2026\pacientes\urls.py", line 3, in <module>
    from . import views
  File "C:\Users\jcasb\OneDrive\Escritorio\proyecto seminario 2026\pacientes\views.py", line 122, in <module>
    n# Registro de paciente independiente
NameError: name 'n' is not defined
C:\Users\jcasb\OneDrive\Escritorio\proyecto seminario 2026\pacientes\views.py changed, reloading.
Watching for file changes with StatReloader
Exception in thread django-main-thread:
Traceback (most recent call last):
  File "C:\Program Files\Python310\lib\threading.py", line 1016, in _bootstrap_inner
    self.run()
  File "C:\Program Files\Python310\lib\threading.py", line 953, in run
    self._target(*self._args, **self._kwargs)
  File "C:\Users\jcasb\AppData\Roaming\Python\Python310\site-packages\django\utils\autoreload.py", line 64, in wrapper
    fn(*args, **kwargs)
  File "C:\Users\jcasb\AppData\Roaming\Python\Python310\site-packages\django\core\management\commands\runserver.py", line 134, in inner_run
    self.check(**check_kwargs)
  File "C:\Users\jcasb\AppData\Roaming\Python\Python310\site-packages\django\core\management\base.py", line 496, in check
    all_issues = checks.run_checks(
  File "C:\Users\jcasb\AppData\Roaming\Python\Python310\site-packages\django\core\checks\registry.py", line 89, in run_checks
    new_errors = check(app_configs=app_configs, databases=databases)
  File "C:\Users\jcasb\AppData\Roaming\Python\Python310\site-packages\django\core\checks\urls.py", line 136, in check_custom_error_handlers
    handler = resolver.resolve_error_handler(status_code)
  File "C:\Users\jcasb\AppData\Roaming\Python\Python310\site-packages\django\urls\resolvers.py", line 732, in resolve_error_handler
    callback = getattr(self.urlconf_module, "handler%s" % view_type, None)
  File "C:\Users\jcasb\AppData\Roaming\Python\Python310\site-packages\django\utils\functional.py", line 47, in __get__
    res = instance.__dict__[self.name] = self.func(instance)
  File "C:\Users\jcasb\AppData\Roaming\Python\Python310\site-packages\django\urls\resolvers.py", line 711, in urlconf_module
    return import_module(self.urlconf_name)
  File "C:\Program Files\Python310\lib\importlib\__init__.py", line 126, in import_module
    return _bootstrap._gcd_import(name[level:], package, level)
  File "<frozen importlib._bootstrap>", line 1050, in _gcd_import
  File "<frozen importlib._bootstrap>", line 1027, in _find_and_load
  File "<frozen importlib._bootstrap>", line 1006, in _find_and_load_unlocked
  File "<frozen importlib._bootstrap>", line 688, in _load_unlocked
  File "<frozen importlib._bootstrap_external>", line 883, in exec_module
  File "<frozen importlib._bootstrap>", line 241, in _call_with_frames_removed
  File "C:\Users\jcasb\OneDrive\Escritorio\proyecto seminario 2026\clinica\urls.py", line 23, in <module>
    path('', include('pacientes.urls')),
  File "C:\Users\jcasb\AppData\Roaming\Python\Python310\site-packages\django\urls\conf.py", line 39, in include
    urlconf_module = import_module(urlconf_module)
  File "C:\Program Files\Python310\lib\importlib\__init__.py", line 126, in import_module
    return _bootstrap._gcd_import(name[level:], package, level)
  File "<frozen importlib._bootstrap>", line 1050, in _gcd_import
  File "<frozen importlib._bootstrap>", line 1027, in _find_and_load
  File "<frozen importlib._bootstrap>", line 1006, in _find_and_load_unlocked
  File "<frozen importlib._bootstrap>", line 688, in _load_unlocked
  File "<frozen importlib._bootstrap_external>", line 883, in exec_module
  File "<frozen importlib._bootstrap>", line 241, in _call_with_frames_removed
  File "C:\Users\jcasb\OneDrive\Escritorio\proyecto seminario 2026\pacientes\urls.py", line 3, in <module>
    from . import views
  File "C:\Users\jcasb\OneDrive\Escritorio\proyecto seminario 2026\pacientes\views.py", line 122, in <module>
    n# Registro de paciente independiente
NameError: name 'n' is not defined
C:\Users\jcasb\OneDrive\Escritorio\proyecto seminario 2026\pacientes\views.py changed, reloading.
Watching for file changes with StatReloader
Exception in thread django-main-thread:
Traceback (most recent call last):
  File "C:\Program Files\Python310\lib\threading.py", line 1016, in _bootstrap_inner
    self.run()
  File "C:\Program Files\Python310\lib\threading.py", line 953, in run
    self._target(*self._args, **self._kwargs)
  File "C:\Users\jcasb\AppData\Roaming\Python\Python310\site-packages\django\utils\autoreload.py", line 64, in wrapper
    fn(*args, **kwargs)
  File "C:\Users\jcasb\AppData\Roaming\Python\Python310\site-packages\django\core\management\commands\runserver.py", line 134, in inner_run
    self.check(**check_kwargs)
  File "C:\Users\jcasb\AppData\Roaming\Python\Python310\site-packages\django\core\management\base.py", line 496, in check
    all_issues = checks.run_checks(
  File "C:\Users\jcasb\AppData\Roaming\Python\Python310\site-packages\django\core\checks\registry.py", line 89, in run_checks
    new_errors = check(app_configs=app_configs, databases=databases)
  File "C:\Users\jcasb\AppData\Roaming\Python\Python310\site-packages\django\core\checks\urls.py", line 136, in check_custom_error_handlers
    handler = resolver.resolve_error_handler(status_code)
  File "C:\Users\jcasb\AppData\Roaming\Python\Python310\site-packages\django\urls\resolvers.py", line 732, in resolve_error_handler
    callback = getattr(self.urlconf_module, "handler%s" % view_type, None)
  File "C:\Users\jcasb\AppData\Roaming\Python\Python310\site-packages\django\utils\functional.py", line 47, in __get__
    res = instance.__dict__[self.name] = self.func(instance)
  File "C:\Users\jcasb\AppData\Roaming\Python\Python310\site-packages\django\urls\resolvers.py", line 711, in urlconf_module
    return import_module(self.urlconf_name)
  File "C:\Program Files\Python310\lib\importlib\__init__.py", line 126, in import_module
    return _bootstrap._gcd_import(name[level:], package, level)
  File "<frozen importlib._bootstrap>", line 1050, in _gcd_import
  File "<frozen importlib._bootstrap>", line 1027, in _find_and_load
  File "<frozen importlib._bootstrap>", line 1006, in _find_and_load_unlocked
  File "<frozen importlib._bootstrap>", line 688, in _load_unlocked
  File "<frozen importlib._bootstrap_external>", line 883, in exec_module
  File "<frozen importlib._bootstrap>", line 241, in _call_with_frames_removed
  File "C:\Users\jcasb\OneDrive\Escritorio\proyecto seminario 2026\clinica\urls.py", line 23, in <module>
    path('', include('pacientes.urls')),
  File "C:\Users\jcasb\AppData\Roaming\Python\Python310\site-packages\django\urls\conf.py", line 39, in include
    urlconf_module = import_module(urlconf_module)
  File "C:\Program Files\Python310\lib\importlib\__init__.py", line 126, in import_module
    return _bootstrap._gcd_import(name[level:], package, level)
  File "<frozen importlib._bootstrap>", line 1050, in _gcd_import
  File "<frozen importlib._bootstrap>", line 1027, in _find_and_load
  File "<frozen importlib._bootstrap>", line 1006, in _find_and_load_unlocked
  File "<frozen importlib._bootstrap>", line 688, in _load_unlocked
  File "<frozen importlib._bootstrap_external>", line 883, in exec_module
  File "<frozen importlib._bootstrap>", line 241, in _call_with_frames_removed
  File "C:\Users\jcasb\OneDrive\Escritorio\proyecto seminario 2026\pacientes\urls.py", line 3, in <module>
    from . import views
  File "C:\Users\jcasb\OneDrive\Escritorio\proyecto seminario 2026\pacientes\views.py", line 122, in <module>
    n# Registro de paciente independiente
NameError: name 'n' is not defined
C:\Users\jcasb\OneDrive\Escritorio\proyecto seminario 2026\pacientes\views.py changed, reloading.
Watching for file changes with StatReloader
Exception in thread django-main-thread:
Traceback (most recent call last):
  File "C:\Program Files\Python310\lib\threading.py", line 1016, in _bootstrap_inner
    self.run()
  File "C:\Program Files\Python310\lib\threading.py", line 953, in run
    self._target(*self._args, **self._kwargs)
  File "C:\Users\jcasb\AppData\Roaming\Python\Python310\site-packages\django\utils\autoreload.py", line 64, in wrapper
    fn(*args, **kwargs)
  File "C:\Users\jcasb\AppData\Roaming\Python\Python310\site-packages\django\core\management\commands\runserver.py", line 134, in inner_run
    self.check(**check_kwargs)
  File "C:\Users\jcasb\AppData\Roaming\Python\Python310\site-packages\django\core\management\base.py", line 496, in check
    all_issues = checks.run_checks(
  File "C:\Users\jcasb\AppData\Roaming\Python\Python310\site-packages\django\core\checks\registry.py", line 89, in run_checks
    new_errors = check(app_configs=app_configs, databases=databases)
  File "C:\Users\jcasb\AppData\Roaming\Python\Python310\site-packages\django\core\checks\urls.py", line 136, in check_custom_error_handlers
    handler = resolver.resolve_error_handler(status_code)
  File "C:\Users\jcasb\AppData\Roaming\Python\Python310\site-packages\django\urls\resolvers.py", line 732, in resolve_error_handler
    callback = getattr(self.urlconf_module, "handler%s" % view_type, None)
  File "C:\Users\jcasb\AppData\Roaming\Python\Python310\site-packages\django\utils\functional.py", line 47, in __get__
    res = instance.__dict__[self.name] = self.func(instance)
  File "C:\Users\jcasb\AppData\Roaming\Python\Python310\site-packages\django\urls\resolvers.py", line 711, in urlconf_module
    return import_module(self.urlconf_name)
  File "C:\Program Files\Python310\lib\importlib\__init__.py", line 126, in import_module
    return _bootstrap._gcd_import(name[level:], package, level)
  File "<frozen importlib._bootstrap>", line 1050, in _gcd_import
  File "<frozen importlib._bootstrap>", line 1027, in _find_and_load
  File "<frozen importlib._bootstrap>", line 1006, in _find_and_load_unlocked
  File "<frozen importlib._bootstrap>", line 688, in _load_unlocked
  File "<frozen importlib._bootstrap_external>", line 883, in exec_module
  File "<frozen importlib._bootstrap>", line 241, in _call_with_frames_removed
  File "C:\Users\jcasb\OneDrive\Escritorio\proyecto seminario 2026\clinica\urls.py", line 23, in <module>
    path('', include('pacientes.urls')),
  File "C:\Users\jcasb\AppData\Roaming\Python\Python310\site-packages\django\urls\conf.py", line 39, in include
    urlconf_module = import_module(urlconf_module)
  File "C:\Program Files\Python310\lib\importlib\__init__.py", line 126, in import_module
    return _bootstrap._gcd_import(name[level:], package, level)
  File "<frozen importlib._bootstrap>", line 1050, in _gcd_import
  File "<frozen importlib._bootstrap>", line 1027, in _find_and_load
  File "<frozen importlib._bootstrap>", line 1006, in _find_and_load_unlocked
  File "<frozen importlib._bootstrap>", line 688, in _load_unlocked
  File "<frozen importlib._bootstrap_external>", line 883, in exec_module
  File "<frozen importlib._bootstrap>", line 241, in _call_with_frames_removed
  File "C:\Users\jcasb\OneDrive\Escritorio\proyecto seminario 2026\pacientes\urls.py", line 3, in <module>
    from . import views
  File "C:\Users\jcasb\OneDrive\Escritorio\proyecto seminario 2026\pacientes\views.py", line 122, in <module>
    n# Registro de paciente independiente
NameError: name 'n' is not defined
C:\Users\jcasb\OneDrive\Escritorio\proyecto seminario 2026\pacientes\views.py changed, reloading.
Watching for file changes with StatReloader
Exception in thread django-main-thread:
Traceback (most recent call last):
  File "C:\Program Files\Python310\lib\threading.py", line 1016, in _bootstrap_inner
    self.run()
  File "C:\Program Files\Python310\lib\threading.py", line 953, in run
    self._target(*self._args, **self._kwargs)
  File "C:\Users\jcasb\AppData\Roaming\Python\Python310\site-packages\django\utils\autoreload.py", line 64, in wrapper
    fn(*args, **kwargs)
  File "C:\Users\jcasb\AppData\Roaming\Python\Python310\site-packages\django\core\management\commands\runserver.py", line 134, in inner_run
    self.check(**check_kwargs)
  File "C:\Users\jcasb\AppData\Roaming\Python\Python310\site-packages\django\core\management\base.py", line 496, in check
    all_issues = checks.run_checks(
  File "C:\Users\jcasb\AppData\Roaming\Python\Python310\site-packages\django\core\checks\registry.py", line 89, in run_checks
    new_errors = check(app_configs=app_configs, databases=databases)
  File "C:\Users\jcasb\AppData\Roaming\Python\Python310\site-packages\django\core\checks\urls.py", line 136, in check_custom_error_handlers
    handler = resolver.resolve_error_handler(status_code)
  File "C:\Users\jcasb\AppData\Roaming\Python\Python310\site-packages\django\urls\resolvers.py", line 732, in resolve_error_handler
    callback = getattr(self.urlconf_module, "handler%s" % view_type, None)
  File "C:\Users\jcasb\AppData\Roaming\Python\Python310\site-packages\django\utils\functional.py", line 47, in __get__
    res = instance.__dict__[self.name] = self.func(instance)
  File "C:\Users\jcasb\AppData\Roaming\Python\Python310\site-packages\django\urls\resolvers.py", line 711, in urlconf_module
    return import_module(self.urlconf_name)
  File "C:\Program Files\Python310\lib\importlib\__init__.py", line 126, in import_module
    return _bootstrap._gcd_import(name[level:], package, level)
  File "<frozen importlib._bootstrap>", line 1050, in _gcd_import
  File "<frozen importlib._bootstrap>", line 1027, in _find_and_load
  File "<frozen importlib._bootstrap>", line 1006, in _find_and_load_unlocked
  File "<frozen importlib._bootstrap>", line 688, in _load_unlocked
  File "<frozen importlib._bootstrap_external>", line 883, in exec_module
  File "<frozen importlib._bootstrap>", line 241, in _call_with_frames_removed
  File "C:\Users\jcasb\OneDrive\Escritorio\proyecto seminario 2026\clinica\urls.py", line 23, in <module>
    path('', include('pacientes.urls')),
  File "C:\Users\jcasb\AppData\Roaming\Python\Python310\site-packages\django\urls\conf.py", line 39, in include
    urlconf_module = import_module(urlconf_module)
  File "C:\Program Files\Python310\lib\importlib\__init__.py", line 126, in import_module
    return _bootstrap._gcd_import(name[level:], package, level)
  File "<frozen importlib._bootstrap>", line 1050, in _gcd_import
  File "<frozen importlib._bootstrap>", line 1027, in _find_and_load
  File "<frozen importlib._bootstrap>", line 1006, in _find_and_load_unlocked
  File "<frozen importlib._bootstrap>", line 688, in _load_unlocked
  File "<frozen importlib._bootstrap_external>", line 883, in exec_module
  File "<frozen importlib._bootstrap>", line 241, in _call_with_frames_removed
  File "C:\Users\jcasb\OneDrive\Escritorio\proyecto seminario 2026\pacientes\urls.py", line 3, in <module>
    from . import views
  File "C:\Users\jcasb\OneDrive\Escritorio\proyecto seminario 2026\pacientes\views.py", line 137, in <module>
    n# Búsqueda y listado de pacientes
NameError: name 'n' is not defined
C:\Users\jcasb\OneDrive\Escritorio\proyecto seminario 2026\pacientes\views.py changed, reloading.
Watching for file changes with StatReloader
Exception in thread django-main-thread:
Traceback (most recent call last):
  File "C:\Program Files\Python310\lib\threading.py", line 1016, in _bootstrap_inner
    self.run()
  File "C:\Program Files\Python310\lib\threading.py", line 953, in run
    self._target(*self._args, **self._kwargs)
  File "C:\Users\jcasb\AppData\Roaming\Python\Python310\site-packages\django\utils\autoreload.py", line 64, in wrapper
    fn(*args, **kwargs)
  File "C:\Users\jcasb\AppData\Roaming\Python\Python310\site-packages\django\core\management\commands\runserver.py", line 134, in inner_run
    self.check(**check_kwargs)
  File "C:\Users\jcasb\AppData\Roaming\Python\Python310\site-packages\django\core\management\base.py", line 496, in check
    all_issues = checks.run_checks(
  File "C:\Users\jcasb\AppData\Roaming\Python\Python310\site-packages\django\core\checks\registry.py", line 89, in run_checks
    new_errors = check(app_configs=app_configs, databases=databases)
  File "C:\Users\jcasb\AppData\Roaming\Python\Python310\site-packages\django\core\checks\urls.py", line 136, in check_custom_error_handlers
    handler = resolver.resolve_error_handler(status_code)
  File "C:\Users\jcasb\AppData\Roaming\Python\Python310\site-packages\django\urls\resolvers.py", line 732, in resolve_error_handler
    callback = getattr(self.urlconf_module, "handler%s" % view_type, None)
  File "C:\Users\jcasb\AppData\Roaming\Python\Python310\site-packages\django\utils\functional.py", line 47, in __get__
    res = instance.__dict__[self.name] = self.func(instance)
  File "C:\Users\jcasb\AppData\Roaming\Python\Python310\site-packages\django\urls\resolvers.py", line 711, in urlconf_module
    return import_module(self.urlconf_name)
  File "C:\Program Files\Python310\lib\importlib\__init__.py", line 126, in import_module
    return _bootstrap._gcd_import(name[level:], package, level)
  File "<frozen importlib._bootstrap>", line 1050, in _gcd_import
  File "<frozen importlib._bootstrap>", line 1027, in _find_and_load
  File "<frozen importlib._bootstrap>", line 1006, in _find_and_load_unlocked
  File "<frozen importlib._bootstrap>", line 688, in _load_unlocked
  File "<frozen importlib._bootstrap_external>", line 883, in exec_module
  File "<frozen importlib._bootstrap>", line 241, in _call_with_frames_removed
  File "C:\Users\jcasb\OneDrive\Escritorio\proyecto seminario 2026\clinica\urls.py", line 23, in <module>
    path('', include('pacientes.urls')),
  File "C:\Users\jcasb\AppData\Roaming\Python\Python310\site-packages\django\urls\conf.py", line 39, in include
    urlconf_module = import_module(urlconf_module)
  File "C:\Program Files\Python310\lib\importlib\__init__.py", line 126, in import_module
    return _bootstrap._gcd_import(name[level:], package, level)
  File "<frozen importlib._bootstrap>", line 1050, in _gcd_import
  File "<frozen importlib._bootstrap>", line 1027, in _find_and_load
  File "<frozen importlib._bootstrap>", line 1006, in _find_and_load_unlocked
  File "<frozen importlib._bootstrap>", line 688, in _load_unlocked
  File "<frozen importlib._bootstrap_external>", line 883, in exec_module
  File "<frozen importlib._bootstrap>", line 241, in _call_with_frames_removed
  File "C:\Users\jcasb\OneDrive\Escritorio\proyecto seminario 2026\pacientes\urls.py", line 3, in <module>
    from . import views
  File "C:\Users\jcasb\OneDrive\Escritorio\proyecto seminario 2026\pacientes\views.py", line 152, in <module>
    n# Editar paciente
NameError: name 'n' is not defined
C:\Users\jcasb\OneDrive\Escritorio\proyecto seminario 2026\pacientes\views.py changed, reloading.
Watching for file changes with StatReloader
Exception in thread django-main-thread:
Traceback (most recent call last):
  File "C:\Program Files\Python310\lib\threading.py", line 1016, in _bootstrap_inner
    self.run()
  File "C:\Program Files\Python310\lib\threading.py", line 953, in run
    self._target(*self._args, **self._kwargs)
  File "C:\Users\jcasb\AppData\Roaming\Python\Python310\site-packages\django\utils\autoreload.py", line 64, in wrapper
    fn(*args, **kwargs)
  File "C:\Users\jcasb\AppData\Roaming\Python\Python310\site-packages\django\core\management\commands\runserver.py", line 134, in inner_run
    self.check(**check_kwargs)
  File "C:\Users\jcasb\AppData\Roaming\Python\Python310\site-packages\django\core\management\base.py", line 496, in check
    all_issues = checks.run_checks(
  File "C:\Users\jcasb\AppData\Roaming\Python\Python310\site-packages\django\core\checks\registry.py", line 89, in run_checks
    new_errors = check(app_configs=app_configs, databases=databases)
  File "C:\Users\jcasb\AppData\Roaming\Python\Python310\site-packages\django\core\checks\urls.py", line 136, in check_custom_error_handlers
    handler = resolver.resolve_error_handler(status_code)
  File "C:\Users\jcasb\AppData\Roaming\Python\Python310\site-packages\django\urls\resolvers.py", line 732, in resolve_error_handler
    callback = getattr(self.urlconf_module, "handler%s" % view_type, None)
  File "C:\Users\jcasb\AppData\Roaming\Python\Python310\site-packages\django\utils\functional.py", line 47, in __get__
    res = instance.__dict__[self.name] = self.func(instance)
  File "C:\Users\jcasb\AppData\Roaming\Python\Python310\site-packages\django\urls\resolvers.py", line 711, in urlconf_module
    return import_module(self.urlconf_name)
  File "C:\Program Files\Python310\lib\importlib\__init__.py", line 126, in import_module
    return _bootstrap._gcd_import(name[level:], package, level)
  File "<frozen importlib._bootstrap>", line 1050, in _gcd_import
  File "<frozen importlib._bootstrap>", line 1027, in _find_and_load
  File "<frozen importlib._bootstrap>", line 1006, in _find_and_load_unlocked
  File "<frozen importlib._bootstrap>", line 688, in _load_unlocked
  File "<frozen importlib._bootstrap_external>", line 883, in exec_module
  File "<frozen importlib._bootstrap>", line 241, in _call_with_frames_removed
  File "C:\Users\jcasb\OneDrive\Escritorio\proyecto seminario 2026\clinica\urls.py", line 23, in <module>
    path('', include('pacientes.urls')),
  File "C:\Users\jcasb\AppData\Roaming\Python\Python310\site-packages\django\urls\conf.py", line 39, in include
    urlconf_module = import_module(urlconf_module)
  File "C:\Program Files\Python310\lib\importlib\__init__.py", line 126, in import_module
    return _bootstrap._gcd_import(name[level:], package, level)
  File "<frozen importlib._bootstrap>", line 1050, in _gcd_import
  File "<frozen importlib._bootstrap>", line 1027, in _find_and_load
  File "<frozen importlib._bootstrap>", line 1006, in _find_and_load_unlocked
  File "<frozen importlib._bootstrap>", line 688, in _load_unlocked
  File "<frozen importlib._bootstrap_external>", line 883, in exec_module
  File "<frozen importlib._bootstrap>", line 241, in _call_with_frames_removed
  File "C:\Users\jcasb\OneDrive\Escritorio\proyecto seminario 2026\pacientes\urls.py", line 3, in <module>
    from . import views
  File "C:\Users\jcasb\OneDrive\Escritorio\proyecto seminario 2026\pacientes\views.py", line 168, in <module>
    n# Cancelar o reprogramar cita y registrar motivo
NameError: name 'n' is not defined
C:\Users\jcasb\OneDrive\Escritorio\proyecto seminario 2026\pacientes\views.py changed, reloading.
Watching for file changes with StatReloader
[30/Jul/2026 15:23:07] "GET / HTTP/1.1" 200 2428
[30/Jul/2026 15:23:07,516] - Broken pipe from ('127.0.0.1', 58603)
[30/Jul/2026 15:24:53] "GET / HTTP/1.1" 200 2428
[30/Jul/2026 15:24:57] "POST / HTTP/1.1" 302 0
[30/Jul/2026 15:24:57] "GET /dashboard/ HTTP/1.1" 200 2509
[30/Jul/2026 15:24:59] "GET /pantalla/coex/ HTTP/1.1" 200 1735
[30/Jul/2026 15:25:00] "GET /citas/calendario/coex/ HTTP/1.1" 200 19795
[30/Jul/2026 15:25:05] "GET /citas/agendar/coex/?fecha=2026-07-29&hora=07:00 HTTP/1.1" 200 4563
[30/Jul/2026 15:25:09] "GET /dashboard/ HTTP/1.1" 200 2509
[30/Jul/2026 15:25:11] "GET /pantalla/privado/ HTTP/1.1" 200 1068
[30/Jul/2026 15:25:13] "GET /dashboard/ HTTP/1.1" 200 2509
[30/Jul/2026 15:25:13] "GET /pantalla/emergencia_igss/ HTTP/1.1" 200 1084
[30/Jul/2026 15:25:15] "GET /dashboard/ HTTP/1.1" 200 2509
[30/Jul/2026 15:25:16] "GET /pantalla/coex/ HTTP/1.1" 200 1735
[30/Jul/2026 15:25:17] "GET /pantalla/coex_procesar_cita/ HTTP/1.1" 200 1080
[30/Jul/2026 15:25:19] "GET /dashboard/ HTTP/1.1" 200 2509
[30/Jul/2026 15:25:35] "GET /pacientes/registrar/ HTTP/1.1" 302 0
[30/Jul/2026 15:25:35] "GET /?next=/pacientes/registrar/ HTTP/1.1" 200 2449
[30/Jul/2026 15:26:20] "POST /?next=/pacientes/registrar/ HTTP/1.1" 302 0
[30/Jul/2026 15:26:20] "GET /pacientes/registrar/ HTTP/1.1" 302 0
[30/Jul/2026 15:26:20] "GET /?next=/pacientes/registrar/ HTTP/1.1" 200 2449
[30/Jul/2026 15:26:36] "POST /logout/ HTTP/1.1" 302 0
[30/Jul/2026 15:26:36] "GET / HTTP/1.1" 200 2428
[30/Jul/2026 15:26:40] "POST / HTTP/1.1" 302 0
[30/Jul/2026 15:26:40] "GET /dashboard/ HTTP/1.1" 200 2509
[30/Jul/2026 15:26:59] "GET /pantalla/coex/ HTTP/1.1" 200 1735
[30/Jul/2026 15:27:02] "GET /citas/calendario/coex/ HTTP/1.1" 200 19795
[30/Jul/2026 15:27:31] "GET /citas/calendario/coex/ HTTP/1.1" 200 19795
[30/Jul/2026 15:27:34] "GET /dashboard/ HTTP/1.1" 200 2509
[30/Jul/2026 15:27:42] "GET /pantalla/coex/ HTTP/1.1" 200 1735
[30/Jul/2026 15:27:43] "GET /pantalla/coex_procesar_cita/ HTTP/1.1" 200 1080
[30/Jul/2026 15:27:46] "GET /dashboard/ HTTP/1.1" 200 2509
C:\Users\jcasb\OneDrive\Escritorio\proyecto seminario 2026\accounts\pantallas.py changed, reloading.
Watching for file changes with StatReloader
C:\Users\jcasb\OneDrive\Escritorio\proyecto seminario 2026\accounts\urls.py changed, reloading.
Watching for file changes with StatReloader
Exception in thread django-main-thread:
Traceback (most recent call last):
  File "C:\Program Files\Python310\lib\threading.py", line 1016, in _bootstrap_inner
    self.run()
  File "C:\Program Files\Python310\lib\threading.py", line 953, in run
    self._target(*self._args, **self._kwargs)
  File "C:\Users\jcasb\AppData\Roaming\Python\Python310\site-packages\django\utils\autoreload.py", line 64, in wrapper
    fn(*args, **kwargs)
  File "C:\Users\jcasb\AppData\Roaming\Python\Python310\site-packages\django\core\management\commands\runserver.py", line 134, in inner_run
    self.check(**check_kwargs)
  File "C:\Users\jcasb\AppData\Roaming\Python\Python310\site-packages\django\core\management\base.py", line 496, in check
    all_issues = checks.run_checks(
  File "C:\Users\jcasb\AppData\Roaming\Python\Python310\site-packages\django\core\checks\registry.py", line 89, in run_checks
    new_errors = check(app_configs=app_configs, databases=databases)
  File "C:\Users\jcasb\AppData\Roaming\Python\Python310\site-packages\django\core\checks\urls.py", line 136, in check_custom_error_handlers
    handler = resolver.resolve_error_handler(status_code)
  File "C:\Users\jcasb\AppData\Roaming\Python\Python310\site-packages\django\urls\resolvers.py", line 732, in resolve_error_handler
    callback = getattr(self.urlconf_module, "handler%s" % view_type, None)
  File "C:\Users\jcasb\AppData\Roaming\Python\Python310\site-packages\django\utils\functional.py", line 47, in __get__
    res = instance.__dict__[self.name] = self.func(instance)
  File "C:\Users\jcasb\AppData\Roaming\Python\Python310\site-packages\django\urls\resolvers.py", line 711, in urlconf_module
    return import_module(self.urlconf_name)
  File "C:\Program Files\Python310\lib\importlib\__init__.py", line 126, in import_module
    return _bootstrap._gcd_import(name[level:], package, level)
  File "<frozen importlib._bootstrap>", line 1050, in _gcd_import
  File "<frozen importlib._bootstrap>", line 1027, in _find_and_load
  File "<frozen importlib._bootstrap>", line 1006, in _find_and_load_unlocked
  File "<frozen importlib._bootstrap>", line 688, in _load_unlocked
  File "<frozen importlib._bootstrap_external>", line 883, in exec_module
  File "<frozen importlib._bootstrap>", line 241, in _call_with_frames_removed
  File "C:\Users\jcasb\OneDrive\Escritorio\proyecto seminario 2026\clinica\urls.py", line 22, in <module>
    path('', include('accounts.urls')),
  File "C:\Users\jcasb\AppData\Roaming\Python\Python310\site-packages\django\urls\conf.py", line 39, in include
    urlconf_module = import_module(urlconf_module)
  File "C:\Program Files\Python310\lib\importlib\__init__.py", line 126, in import_module
    return _bootstrap._gcd_import(name[level:], package, level)
  File "<frozen importlib._bootstrap>", line 1050, in _gcd_import
  File "<frozen importlib._bootstrap>", line 1027, in _find_and_load
  File "<frozen importlib._bootstrap>", line 1006, in _find_and_load_unlocked
  File "<frozen importlib._bootstrap>", line 688, in _load_unlocked
  File "<frozen importlib._bootstrap_external>", line 883, in exec_module
  File "<frozen importlib._bootstrap>", line 241, in _call_with_frames_removed
  File "C:\Users\jcasb\OneDrive\Escritorio\proyecto seminario 2026\accounts\urls.py", line 12, in <module>
    path('pantalla/coex_procesar_cita/', pacientes_views.procesar_cita_coex, name='pantalla_coex_procesar_cita'),
AttributeError: module 'pacientes.views' has no attribute 'procesar_cita_coex'
C:\Users\jcasb\OneDrive\Escritorio\proyecto seminario 2026\pacientes\forms.py changed, reloading.
Watching for file changes with StatReloader
Exception in thread django-main-thread:
Traceback (most recent call last):
  File "C:\Program Files\Python310\lib\threading.py", line 1016, in _bootstrap_inner
    self.run()
  File "C:\Program Files\Python310\lib\threading.py", line 953, in run
    self._target(*self._args, **self._kwargs)
  File "C:\Users\jcasb\AppData\Roaming\Python\Python310\site-packages\django\utils\autoreload.py", line 64, in wrapper
    fn(*args, **kwargs)
  File "C:\Users\jcasb\AppData\Roaming\Python\Python310\site-packages\django\core\management\commands\runserver.py", line 134, in inner_run
    self.check(**check_kwargs)
  File "C:\Users\jcasb\AppData\Roaming\Python\Python310\site-packages\django\core\management\base.py", line 496, in check
    all_issues = checks.run_checks(
  File "C:\Users\jcasb\AppData\Roaming\Python\Python310\site-packages\django\core\checks\registry.py", line 89, in run_checks
    new_errors = check(app_configs=app_configs, databases=databases)
  File "C:\Users\jcasb\AppData\Roaming\Python\Python310\site-packages\django\core\checks\urls.py", line 136, in check_custom_error_handlers
    handler = resolver.resolve_error_handler(status_code)
  File "C:\Users\jcasb\AppData\Roaming\Python\Python310\site-packages\django\urls\resolvers.py", line 732, in resolve_error_handler
    callback = getattr(self.urlconf_module, "handler%s" % view_type, None)
  File "C:\Users\jcasb\AppData\Roaming\Python\Python310\site-packages\django\utils\functional.py", line 47, in __get__
    res = instance.__dict__[self.name] = self.func(instance)
  File "C:\Users\jcasb\AppData\Roaming\Python\Python310\site-packages\django\urls\resolvers.py", line 711, in urlconf_module
    return import_module(self.urlconf_name)
  File "C:\Program Files\Python310\lib\importlib\__init__.py", line 126, in import_module
    return _bootstrap._gcd_import(name[level:], package, level)
  File "<frozen importlib._bootstrap>", line 1050, in _gcd_import
  File "<frozen importlib._bootstrap>", line 1027, in _find_and_load
  File "<frozen importlib._bootstrap>", line 1006, in _find_and_load_unlocked
  File "<frozen importlib._bootstrap>", line 688, in _load_unlocked
  File "<frozen importlib._bootstrap_external>", line 883, in exec_module
  File "<frozen importlib._bootstrap>", line 241, in _call_with_frames_removed
  File "C:\Users\jcasb\OneDrive\Escritorio\proyecto seminario 2026\clinica\urls.py", line 22, in <module>
    path('', include('accounts.urls')),
  File "C:\Users\jcasb\AppData\Roaming\Python\Python310\site-packages\django\urls\conf.py", line 39, in include
    urlconf_module = import_module(urlconf_module)
  File "C:\Program Files\Python310\lib\importlib\__init__.py", line 126, in import_module
    return _bootstrap._gcd_import(name[level:], package, level)
  File "<frozen importlib._bootstrap>", line 1050, in _gcd_import
  File "<frozen importlib._bootstrap>", line 1027, in _find_and_load
  File "<frozen importlib._bootstrap>", line 1006, in _find_and_load_unlocked
  File "<frozen importlib._bootstrap>", line 688, in _load_unlocked
  File "<frozen importlib._bootstrap_external>", line 883, in exec_module
  File "<frozen importlib._bootstrap>", line 241, in _call_with_frames_removed
  File "C:\Users\jcasb\OneDrive\Escritorio\proyecto seminario 2026\accounts\urls.py", line 5, in <module>
    from pacientes import views as pacientes_views
  File "C:\Users\jcasb\OneDrive\Escritorio\proyecto seminario 2026\pacientes\views.py", line 12, in <module>
    from .forms import AgendarCitaForm, PacienteForm, PacienteSearchForm, CancelarCitaForm
  File "C:\Users\jcasb\OneDrive\Escritorio\proyecto seminario 2026\pacientes\forms.py", line 13
    fecha = forms.DateField(widget=forms.DateInput(attrs={'type': 'date'}))
IndentationError: unexpected indent
C:\Users\jcasb\OneDrive\Escritorio\proyecto seminario 2026\pacientes\forms.py changed, reloading.
Watching for file changes with StatReloader
Exception in thread django-main-thread:
Traceback (most recent call last):
  File "C:\Program Files\Python310\lib\threading.py", line 1016, in _bootstrap_inner
    self.run()
  File "C:\Program Files\Python310\lib\threading.py", line 953, in run
    self._target(*self._args, **self._kwargs)
  File "C:\Users\jcasb\AppData\Roaming\Python\Python310\site-packages\django\utils\autoreload.py", line 64, in wrapper
    fn(*args, **kwargs)
  File "C:\Users\jcasb\AppData\Roaming\Python\Python310\site-packages\django\core\management\commands\runserver.py", line 134, in inner_run
    self.check(**check_kwargs)
  File "C:\Users\jcasb\AppData\Roaming\Python\Python310\site-packages\django\core\management\base.py", line 496, in check
    all_issues = checks.run_checks(
  File "C:\Users\jcasb\AppData\Roaming\Python\Python310\site-packages\django\core\checks\registry.py", line 89, in run_checks
    new_errors = check(app_configs=app_configs, databases=databases)
  File "C:\Users\jcasb\AppData\Roaming\Python\Python310\site-packages\django\core\checks\urls.py", line 136, in check_custom_error_handlers
    handler = resolver.resolve_error_handler(status_code)
  File "C:\Users\jcasb\AppData\Roaming\Python\Python310\site-packages\django\urls\resolvers.py", line 732, in resolve_error_handler
    callback = getattr(self.urlconf_module, "handler%s" % view_type, None)
  File "C:\Users\jcasb\AppData\Roaming\Python\Python310\site-packages\django\utils\functional.py", line 47, in __get__
    res = instance.__dict__[self.name] = self.func(instance)
  File "C:\Users\jcasb\AppData\Roaming\Python\Python310\site-packages\django\urls\resolvers.py", line 711, in urlconf_module
    return import_module(self.urlconf_name)
  File "C:\Program Files\Python310\lib\importlib\__init__.py", line 126, in import_module
    return _bootstrap._gcd_import(name[level:], package, level)
  File "<frozen importlib._bootstrap>", line 1050, in _gcd_import
  File "<frozen importlib._bootstrap>", line 1027, in _find_and_load
  File "<frozen importlib._bootstrap>", line 1006, in _find_and_load_unlocked
  File "<frozen importlib._bootstrap>", line 688, in _load_unlocked
  File "<frozen importlib._bootstrap_external>", line 883, in exec_module
  File "<frozen importlib._bootstrap>", line 241, in _call_with_frames_removed
  File "C:\Users\jcasb\OneDrive\Escritorio\proyecto seminario 2026\clinica\urls.py", line 22, in <module>
    path('', include('accounts.urls')),
  File "C:\Users\jcasb\AppData\Roaming\Python\Python310\site-packages\django\urls\conf.py", line 39, in include
    urlconf_module = import_module(urlconf_module)
  File "C:\Program Files\Python310\lib\importlib\__init__.py", line 126, in import_module
    return _bootstrap._gcd_import(name[level:], package, level)
  File "<frozen importlib._bootstrap>", line 1050, in _gcd_import
  File "<frozen importlib._bootstrap>", line 1027, in _find_and_load
  File "<frozen importlib._bootstrap>", line 1006, in _find_and_load_unlocked
  File "<frozen importlib._bootstrap>", line 688, in _load_unlocked
  File "<frozen importlib._bootstrap_external>", line 883, in exec_module
  File "<frozen importlib._bootstrap>", line 241, in _call_with_frames_removed
  File "C:\Users\jcasb\OneDrive\Escritorio\proyecto seminario 2026\accounts\urls.py", line 5, in <module>
    from pacientes import views as pacientes_views
  File "C:\Users\jcasb\OneDrive\Escritorio\proyecto seminario 2026\pacientes\views.py", line 12, in <module>
    from .forms import AgendarCitaForm, PacienteForm, PacienteSearchForm, CancelarCitaForm
  File "C:\Users\jcasb\OneDrive\Escritorio\proyecto seminario 2026\pacientes\forms.py", line 13
    fecha = forms.DateField(widget=forms.DateInput(attrs={'type': 'date'}))
IndentationError: unexpected indent
C:\Users\jcasb\OneDrive\Escritorio\proyecto seminario 2026\pacientes\forms.py changed, reloading.
Watching for file changes with StatReloader
[30/Jul/2026 15:34:24] "GET /dashboard/ HTTP/1.1" 200 2509
[30/Jul/2026 15:34:29] "GET /pantalla/coex/ HTTP/1.1" 200 1941
[30/Jul/2026 15:34:31] "GET /citas/calendario/coex/ HTTP/1.1" 200 20068
[30/Jul/2026 15:34:34] "GET /dashboard/ HTTP/1.1" 200 2509
[30/Jul/2026 15:34:35] "GET /pantalla/coex/ HTTP/1.1" 200 1941
[30/Jul/2026 15:34:37] "GET /pacientes/buscar/ HTTP/1.1" 200 960
[30/Jul/2026 15:34:44] "GET /pantalla/coex_procesar_cita/ HTTP/1.1" 200 1593
[30/Jul/2026 15:34:49] "GET /pacientes/buscar/ HTTP/1.1" 200 960
[30/Jul/2026 15:34:52] "GET /pantalla/coex_procesar_cita/ HTTP/1.1" 200 1593
[30/Jul/2026 15:35:42] "GET /dashboard/ HTTP/1.1" 200 2509
[30/Jul/2026 15:35:43] "POST /logout/ HTTP/1.1" 302 0
[30/Jul/2026 15:35:43] "GET / HTTP/1.1" 200 2428
[30/Jul/2026 15:35:45] "GET /dashboard/ HTTP/1.1" 302 0
[30/Jul/2026 15:35:45] "GET /?next=/dashboard/ HTTP/1.1" 200 2439
[30/Jul/2026 15:35:49] "POST /?next=/dashboard/ HTTP/1.1" 302 0
[30/Jul/2026 15:35:49] "GET /dashboard/ HTTP/1.1" 200 2509
[30/Jul/2026 15:35:51] "GET /pantalla/coex/ HTTP/1.1" 200 1941
[30/Jul/2026 15:43:03] "GET /pantalla/coex/ HTTP/1.1" 200 1941
[30/Jul/2026 15:43:07] "GET /pantalla/coex/ HTTP/1.1" 200 1941
[30/Jul/2026 15:43:07] "GET /pantalla/coex/ HTTP/1.1" 200 1941
[30/Jul/2026 15:43:08] "GET /pantalla/coex/ HTTP/1.1" 200 1941
[30/Jul/2026 15:43:09] "GET /pantalla/coex/ HTTP/1.1" 200 1941
[30/Jul/2026 15:43:10] "GET /pantalla/coex/ HTTP/1.1" 200 1941
[30/Jul/2026 15:43:10] "GET /pantalla/coex/ HTTP/1.1" 200 1941
[30/Jul/2026 15:43:10] "GET /pantalla/coex/ HTTP/1.1" 200 1941
[30/Jul/2026 15:43:12] "GET /dashboard/ HTTP/1.1" 200 2509
[30/Jul/2026 15:43:14] "POST /logout/ HTTP/1.1" 302 0
[30/Jul/2026 15:43:14] "GET / HTTP/1.1" 200 2428
[30/Jul/2026 15:43:18] "POST / HTTP/1.1" 302 0
[30/Jul/2026 15:43:18] "GET /dashboard/ HTTP/1.1" 200 2509
[30/Jul/2026 15:43:20] "GET /pantalla/coex/ HTTP/1.1" 200 1941
[30/Jul/2026 15:43:21] "GET /citas/calendario/coex/ HTTP/1.1" 200 20068
[30/Jul/2026 15:43:28] "GET /citas/agendar/coex/?fecha=2026-07-30&hora=15:00 HTTP/1.1" 200 4602
[30/Jul/2026 15:45:26] "POST /citas/agendar/coex/?fecha=2026-07-30&hora=15:00 HTTP/1.1" 302 0
[30/Jul/2026 15:45:26] "GET /dashboard/ HTTP/1.1" 200 2673
[30/Jul/2026 15:45:28] "GET /pantalla/coex/ HTTP/1.1" 200 1941
[30/Jul/2026 15:45:29] "GET /citas/calendario/coex/ HTTP/1.1" 200 20068
[30/Jul/2026 15:45:34] "GET /pacientes/registrar/ HTTP/1.1" 200 1739
[30/Jul/2026 15:45:44] "GET /citas/calendario/coex/ HTTP/1.1" 200 20068
[30/Jul/2026 15:45:47] "GET /pacientes/buscar/ HTTP/1.1" 200 960
[30/Jul/2026 15:45:51] "GET /pacientes/buscar/?q=111 HTTP/1.1" 200 1623
[30/Jul/2026 15:45:57] "GET /pacientes/editar/2/ HTTP/1.1" 200 1690
[30/Jul/2026 15:46:18] "POST /pacientes/editar/2/ HTTP/1.1" 302 0
[30/Jul/2026 15:46:18] "GET /pacientes/buscar/ HTTP/1.1" 200 960
[30/Jul/2026 15:46:22] "GET /pacientes/buscar/?q=111 HTTP/1.1" 200 1627
[30/Jul/2026 15:46:26] "GET /pacientes/registrar/ HTTP/1.1" 200 1739
[30/Jul/2026 15:46:28] "GET /pacientes/buscar/?q=111 HTTP/1.1" 200 1627
[30/Jul/2026 15:46:29] "GET /pacientes/buscar/ HTTP/1.1" 200 960
[30/Jul/2026 15:46:30] "GET /pacientes/editar/2/ HTTP/1.1" 200 1698
[30/Jul/2026 15:46:32] "GET /pacientes/buscar/?q=111 HTTP/1.1" 200 1627
[30/Jul/2026 15:46:34] "GET /pacientes/buscar/ HTTP/1.1" 200 960
[30/Jul/2026 15:46:35] "GET /citas/calendario/coex/ HTTP/1.1" 200 20068
[30/Jul/2026 15:46:39] "GET /pantalla/coex_procesar_cita/ HTTP/1.1" 200 3223
[30/Jul/2026 15:46:55] "GET /pantalla/coex/ HTTP/1.1" 200 1941
[30/Jul/2026 15:46:56] "GET /citas/calendario/coex/ HTTP/1.1" 200 20068
[30/Jul/2026 15:47:03] "GET /citas/agendar/coex/?fecha=2026-08-01&hora=09:00 HTTP/1.1" 200 4602
[30/Jul/2026 15:47:06] "GET /dashboard/ HTTP/1.1" 200 2642
[30/Jul/2026 15:47:09] "GET /pantalla/coex/ HTTP/1.1" 200 1941
[30/Jul/2026 15:47:11] "GET /pacientes/buscar/ HTTP/1.1" 200 960
[30/Jul/2026 15:47:14] "GET /pacientes/buscar/?q=111 HTTP/1.1" 200 1627
[30/Jul/2026 15:47:19] "GET /pacientes/buscar/?q= HTTP/1.1" 200 960
[30/Jul/2026 15:47:24] "GET /pantalla/coex_procesar_cita/ HTTP/1.1" 200 3223
[30/Jul/2026 15:47:34] "GET /citas/1/cancelar/ HTTP/1.1" 200 1560
[30/Jul/2026 15:47:53] "POST /citas/1/cancelar/ HTTP/1.1" 302 0
[30/Jul/2026 15:47:53] "GET /citas/calendario/coex/ HTTP/1.1" 200 20068
[30/Jul/2026 15:47:56] "GET /citas/calendario/coex/ HTTP/1.1" 200 20068
[30/Jul/2026 15:47:58] "GET /citas/calendario/coex/ HTTP/1.1" 200 20068
[30/Jul/2026 15:48:00] "GET /pantalla/coex_procesar_cita/ HTTP/1.1" 200 3224
[30/Jul/2026 15:48:04] "GET /citas/1/cancelar/ HTTP/1.1" 200 1560
[30/Jul/2026 15:48:20] "POST /citas/1/cancelar/ HTTP/1.1" 302 0
[30/Jul/2026 15:48:20] "GET /citas/calendario/coex/ HTTP/1.1" 200 20068
[30/Jul/2026 15:48:24] "GET /pantalla/coex_procesar_cita/ HTTP/1.1" 200 3224
[30/Jul/2026 15:48:26] "GET /citas/2/cancelar/ HTTP/1.1" 200 1557
[30/Jul/2026 15:48:30] "POST /citas/2/cancelar/ HTTP/1.1" 302 0
[30/Jul/2026 15:48:30] "GET /citas/calendario/coex/ HTTP/1.1" 200 20068
[30/Jul/2026 15:48:36] "GET /pantalla/coex_procesar_cita/ HTTP/1.1" 200 3225
[30/Jul/2026 15:48:53] "GET /citas/2/cancelar/ HTTP/1.1" 200 1557
[30/Jul/2026 15:49:20] "POST /citas/2/cancelar/ HTTP/1.1" 302 0
[30/Jul/2026 15:49:20] "GET /citas/calendario/coex/ HTTP/1.1" 200 20068
[30/Jul/2026 15:49:31] "GET /pantalla/coex_procesar_cita/ HTTP/1.1" 200 3224
[30/Jul/2026 15:50:27] "GET /pantalla/coex/ HTTP/1.1" 200 1941
[30/Jul/2026 17:09:07] "GET /pacientes/buscar/ HTTP/1.1" 200 960
[30/Jul/2026 17:09:11] "GET /pacientes/buscar/ HTTP/1.1" 200 960
[30/Jul/2026 17:14:39] "GET /pantalla/coex/ HTTP/1.1" 200 1941
[30/Jul/2026 17:14:41] "GET /pacientes/registrar/ HTTP/1.1" 200 1739
[30/Jul/2026 17:14:44] "GET /pantalla/coex/ HTTP/1.1" 200 1941
[30/Jul/2026 17:14:45] "GET /citas/calendario/coex/ HTTP/1.1" 200 20068
[30/Jul/2026 17:14:52] "GET /citas/agendar/coex/?fecha=2026-07-30&hora=12:00 HTTP/1.1" 200 4602
[30/Jul/2026 17:14:57] "GET /dashboard/ HTTP/1.1" 200 2864
[30/Jul/2026 17:15:04] "GET /pantalla/coex/ HTTP/1.1" 200 1941
[30/Jul/2026 17:15:39] "GET /pacientes/registrar/ HTTP/1.1" 200 1739
[30/Jul/2026 17:15:42] "GET /pantalla/coex/ HTTP/1.1" 200 1941
[30/Jul/2026 17:16:08] "GET /pantalla/coex_procesar_cita/ HTTP/1.1" 200 3224
[30/Jul/2026 17:16:18] "GET /pantalla/coex/ HTTP/1.1" 200 1941
[30/Jul/2026 17:23:22] "GET /pantalla/coex/ HTTP/1.1" 200 1941
[30/Jul/2026 17:23:23] "GET /pantalla/coex/ HTTP/1.1" 200 1941
[30/Jul/2026 17:23:24] "GET /pacientes/registrar/ HTTP/1.1" 200 2278
[30/Jul/2026 17:23:29] "GET /dashboard/ HTTP/1.1" 200 2509
[30/Jul/2026 17:23:31] "GET /pantalla/coex/ HTTP/1.1" 200 1941
[30/Jul/2026 17:23:33] "GET /pacientes/buscar/ HTTP/1.1" 200 2038
[30/Jul/2026 17:23:45] "GET /pacientes/buscar/?q=111 HTTP/1.1" 200 2709
[30/Jul/2026 17:23:50] "GET /dashboard/ HTTP/1.1" 200 2509
[30/Jul/2026 17:23:52] "GET /pantalla/coex/ HTTP/1.1" 200 1941
[30/Jul/2026 17:23:54] "GET /pantalla/coex_procesar_cita/ HTTP/1.1" 200 3224
[30/Jul/2026 17:24:07] "GET /pantalla/coex_procesar_cita/?q=prueba HTTP/1.1" 200 2665
[30/Jul/2026 17:24:10] "GET /pantalla/coex/ HTTP/1.1" 200 1941
[30/Jul/2026 17:24:11] "GET /citas/calendario/coex/ HTTP/1.1" 200 20068
[30/Jul/2026 17:24:13] "GET /pacientes/registrar/ HTTP/1.1" 200 2278
[30/Jul/2026 17:24:16] "GET /dashboard/ HTTP/1.1" 200 2509
[30/Jul/2026 17:24:17] "GET /pantalla/coex/ HTTP/1.1" 200 1941
[30/Jul/2026 17:24:19] "GET /pacientes/registrar/ HTTP/1.1" 200 2278
[30/Jul/2026 17:24:21] "GET /dashboard/ HTTP/1.1" 200 2509
[30/Jul/2026 17:24:23] "GET /pantalla/coex/ HTTP/1.1" 200 1941
[30/Jul/2026 17:24:24] "GET /pacientes/buscar/ HTTP/1.1" 200 2038
[30/Jul/2026 17:24:28] "GET /dashboard/ HTTP/1.1" 200 2509
[30/Jul/2026 17:24:29] "GET /pantalla/coex/ HTTP/1.1" 200 1941
[30/Jul/2026 17:24:31] "GET /pantalla/coex_procesar_cita/ HTTP/1.1" 200 3224
[30/Jul/2026 17:24:32] "GET /pantalla/coex/ HTTP/1.1" 200 1941
[30/Jul/2026 17:24:34] "GET /citas/calendario/coex/ HTTP/1.1" 200 20068
[30/Jul/2026 17:24:35] "GET /dashboard/ HTTP/1.1" 200 2509
[30/Jul/2026 17:24:37] "GET /pantalla/coex/ HTTP/1.1" 200 1941
[30/Jul/2026 17:24:38] "GET /pantalla/coex_procesar_cita/ HTTP/1.1" 200 3224
[30/Jul/2026 17:24:40] "GET /pantalla/coex/ HTTP/1.1" 200 1941
[30/Jul/2026 17:24:43] "GET /pacientes/buscar/ HTTP/1.1" 200 2038
[30/Jul/2026 17:25:26] "GET /dashboard/ HTTP/1.1" 200 2509
[30/Jul/2026 17:25:27] "GET /pantalla/coex/ HTTP/1.1" 200 1941
[30/Jul/2026 17:25:29] "GET /pacientes/registrar/ HTTP/1.1" 200 2278
[30/Jul/2026 17:26:11] "GET /dashboard/ HTTP/1.1" 200 2509
[30/Jul/2026 17:26:12] "GET /pantalla/coex/ HTTP/1.1" 200 1941
[30/Jul/2026 17:26:14] "GET /citas/calendario/coex/ HTTP/1.1" 200 20068
[30/Jul/2026 17:26:19] "GET /pantalla/coex_procesar_cita/ HTTP/1.1" 200 3224
[30/Jul/2026 17:26:41] "GET /pantalla/coex/ HTTP/1.1" 200 1941
[30/Jul/2026 17:26:45] "GET /citas/calendario/coex/ HTTP/1.1" 200 20068
[30/Jul/2026 17:26:52] "GET /citas/agendar/coex/?fecha=2026-07-31&hora=08:00 HTTP/1.1" 200 4602
[30/Jul/2026 17:26:58] "GET /dashboard/ HTTP/1.1" 200 2509
[30/Jul/2026 17:27:00] "GET /pantalla/privado/ HTTP/1.1" 200 1068
[30/Jul/2026 17:27:02] "GET /dashboard/ HTTP/1.1" 200 2509
[30/Jul/2026 17:27:03] "GET /pantalla/emergencia_igss/ HTTP/1.1" 200 1084
[30/Jul/2026 17:27:04] "GET /dashboard/ HTTP/1.1" 200 2509
[30/Jul/2026 17:27:05] "GET /pantalla/coex/ HTTP/1.1" 200 1941
[30/Jul/2026 17:27:08] "GET /pacientes/buscar/ HTTP/1.1" 200 2038
[30/Jul/2026 17:27:55] "GET /pacientes/buscar/?q=111 HTTP/1.1" 200 2709
[30/Jul/2026 17:28:13] "GET /pacientes/editar/2/ HTTP/1.1" 200 2297
[30/Jul/2026 17:28:16] "GET /pacientes/buscar/ HTTP/1.1" 200 2038
[30/Jul/2026 17:28:19] "GET /pacientes/buscar/?q=111 HTTP/1.1" 200 2709
[30/Jul/2026 17:28:33] "GET /pacientes/editar/2/ HTTP/1.1" 200 2297
[30/Jul/2026 17:28:46] "POST /pacientes/editar/2/ HTTP/1.1" 302 0
[30/Jul/2026 17:28:46] "GET /pacientes/buscar/ HTTP/1.1" 200 2038
[30/Jul/2026 17:28:50] "GET /pacientes/buscar/?q=1 HTTP/1.1" 200 2704
[30/Jul/2026 17:30:29] "GET /dashboard/ HTTP/1.1" 200 2642
[30/Jul/2026 17:30:31] "GET /pantalla/coex/ HTTP/1.1" 200 1941
[30/Jul/2026 17:30:32] "GET /pacientes/buscar/ HTTP/1.1" 200 2038
[30/Jul/2026 17:30:45] "GET /dashboard/ HTTP/1.1" 200 2509
[30/Jul/2026 17:30:46] "GET /pantalla/coex/ HTTP/1.1" 200 1941
[30/Jul/2026 17:30:48] "GET /pantalla/coex_procesar_cita/ HTTP/1.1" 200 3221
[30/Jul/2026 17:30:51] "GET /pantalla/coex/ HTTP/1.1" 200 1941
[30/Jul/2026 17:31:09] "GET /citas/calendario/coex/ HTTP/1.1" 200 20068
[30/Jul/2026 17:31:12] "GET /dashboard/ HTTP/1.1" 200 2509
C:\Users\jcasb\OneDrive\Escritorio\proyecto seminario 2026\pacientes\views.py changed, reloading.
Watching for file changes with StatReloader
C:\Users\jcasb\OneDrive\Escritorio\proyecto seminario 2026\pacientes\urls.py changed, reloading.
Watching for file changes with StatReloader
[30/Jul/2026 17:35:14] "GET /dashboard/ HTTP/1.1" 200 2509
[30/Jul/2026 17:35:16] "GET /pantalla/coex/ HTTP/1.1" 200 1941
[30/Jul/2026 17:35:17] "GET /pacientes/registrar/ HTTP/1.1" 200 2280
[30/Jul/2026 17:35:19] "GET /pantalla/coex/ HTTP/1.1" 200 1941
[30/Jul/2026 17:35:20] "GET /pacientes/buscar/ HTTP/1.1" 200 3365
[30/Jul/2026 17:35:22] "GET /pantalla/coex/ HTTP/1.1" 200 1941
[30/Jul/2026 17:35:24] "GET /pacientes/buscar/ HTTP/1.1" 200 3365
[30/Jul/2026 17:35:25] "GET /pacientes/1/citas/ HTTP/1.1" 200 2129
[30/Jul/2026 17:35:29] "GET /pacientes/buscar/ HTTP/1.1" 200 3365
[30/Jul/2026 17:35:30] "GET /pantalla/coex/ HTTP/1.1" 200 1941
[30/Jul/2026 17:35:32] "GET /pantalla/coex_procesar_cita/ HTTP/1.1" 200 3221
[30/Jul/2026 17:35:33] "GET /pantalla/coex/ HTTP/1.1" 200 1941
